WILSON SONSINI GOODRICH & ROSATI
139
TOWNSEND
STREET
150
SAN FRANCISCO
CA
None
94404
